Archive member included to satisfy reference by file (symbol)

c:/st/stm32cubeide_1.4.0/stm32cubeide/plugins/com.st.stm32cube.ide.mcu.externaltools.gnu-tools-for-stm32.7-2018-q2-update.win32_1.5.0.202011040924/tools/bin/../lib/gcc/arm-none-eabi/7.3.1/../../../../arm-none-eabi/lib/thumb/v7e-m/fpv4-sp/hard\libc_nano.a(lib_a-errno.o)
                              Core/Src/syscalls.o (__errno)
c:/st/stm32cubeide_1.4.0/stm32cubeide/plugins/com.st.stm32cube.ide.mcu.externaltools.gnu-tools-for-stm32.7-2018-q2-update.win32_1.5.0.202011040924/tools/bin/../lib/gcc/arm-none-eabi/7.3.1/../../../../arm-none-eabi/lib/thumb/v7e-m/fpv4-sp/hard\libc_nano.a(lib_a-exit.o)
                              c:/st/stm32cubeide_1.4.0/stm32cubeide/plugins/com.st.stm32cube.ide.mcu.externaltools.gnu-tools-for-stm32.7-2018-q2-update.win32_1.5.0.202011040924/tools/bin/../lib/gcc/arm-none-eabi/7.3.1/../../../../arm-none-eabi/lib/thumb/v7e-m/fpv4-sp/hard/crt0.o (exit)
c:/st/stm32cubeide_1.4.0/stm32cubeide/plugins/com.st.stm32cube.ide.mcu.externaltools.gnu-tools-for-stm32.7-2018-q2-update.win32_1.5.0.202011040924/tools/bin/../lib/gcc/arm-none-eabi/7.3.1/../../../../arm-none-eabi/lib/thumb/v7e-m/fpv4-sp/hard\libc_nano.a(lib_a-impure.o)
                              c:/st/stm32cubeide_1.4.0/stm32cubeide/plugins/com.st.stm32cube.ide.mcu.externaltools.gnu-tools-for-stm32.7-2018-q2-update.win32_1.5.0.202011040924/tools/bin/../lib/gcc/arm-none-eabi/7.3.1/../../../../arm-none-eabi/lib/thumb/v7e-m/fpv4-sp/hard\libc_nano.a(lib_a-exit.o) (_global_impure_ptr)
c:/st/stm32cubeide_1.4.0/stm32cubeide/plugins/com.st.stm32cube.ide.mcu.externaltools.gnu-tools-for-stm32.7-2018-q2-update.win32_1.5.0.202011040924/tools/bin/../lib/gcc/arm-none-eabi/7.3.1/../../../../arm-none-eabi/lib/thumb/v7e-m/fpv4-sp/hard\libc_nano.a(lib_a-init.o)
                              c:/st/stm32cubeide_1.4.0/stm32cubeide/plugins/com.st.stm32cube.ide.mcu.externaltools.gnu-tools-for-stm32.7-2018-q2-update.win32_1.5.0.202011040924/tools/bin/../lib/gcc/arm-none-eabi/7.3.1/../../../../arm-none-eabi/lib/thumb/v7e-m/fpv4-sp/hard/crt0.o (__libc_init_array)
c:/st/stm32cubeide_1.4.0/stm32cubeide/plugins/com.st.stm32cube.ide.mcu.externaltools.gnu-tools-for-stm32.7-2018-q2-update.win32_1.5.0.202011040924/tools/bin/../lib/gcc/arm-none-eabi/7.3.1/../../../../arm-none-eabi/lib/thumb/v7e-m/fpv4-sp/hard\libc_nano.a(lib_a-memset.o)
                              c:/st/stm32cubeide_1.4.0/stm32cubeide/plugins/com.st.stm32cube.ide.mcu.externaltools.gnu-tools-for-stm32.7-2018-q2-update.win32_1.5.0.202011040924/tools/bin/../lib/gcc/arm-none-eabi/7.3.1/../../../../arm-none-eabi/lib/thumb/v7e-m/fpv4-sp/hard/crt0.o (memset)
c:/st/stm32cubeide_1.4.0/stm32cubeide/plugins/com.st.stm32cube.ide.mcu.externaltools.gnu-tools-for-stm32.7-2018-q2-update.win32_1.5.0.202011040924/tools/bin/../lib/gcc/arm-none-eabi/7.3.1/thumb/v7e-m/fpv4-sp/hard\libgcc.a(_aeabi_uldivmod.o)
                              Drivers/STM32L4xx_HAL_Driver/Src/stm32l4xx_hal_uart.o (__aeabi_uldivmod)
c:/st/stm32cubeide_1.4.0/stm32cubeide/plugins/com.st.stm32cube.ide.mcu.externaltools.gnu-tools-for-stm32.7-2018-q2-update.win32_1.5.0.202011040924/tools/bin/../lib/gcc/arm-none-eabi/7.3.1/thumb/v7e-m/fpv4-sp/hard\libgcc.a(_udivmoddi4.o)
                              c:/st/stm32cubeide_1.4.0/stm32cubeide/plugins/com.st.stm32cube.ide.mcu.externaltools.gnu-tools-for-stm32.7-2018-q2-update.win32_1.5.0.202011040924/tools/bin/../lib/gcc/arm-none-eabi/7.3.1/thumb/v7e-m/fpv4-sp/hard\libgcc.a(_aeabi_uldivmod.o) (__udivmoddi4)
c:/st/stm32cubeide_1.4.0/stm32cubeide/plugins/com.st.stm32cube.ide.mcu.externaltools.gnu-tools-for-stm32.7-2018-q2-update.win32_1.5.0.202011040924/tools/bin/../lib/gcc/arm-none-eabi/7.3.1/thumb/v7e-m/fpv4-sp/hard\libgcc.a(_dvmd_tls.o)
                              c:/st/stm32cubeide_1.4.0/stm32cubeide/plugins/com.st.stm32cube.ide.mcu.externaltools.gnu-tools-for-stm32.7-2018-q2-update.win32_1.5.0.202011040924/tools/bin/../lib/gcc/arm-none-eabi/7.3.1/thumb/v7e-m/fpv4-sp/hard\libgcc.a(_aeabi_uldivmod.o) (__aeabi_ldiv0)

Allocating common symbols
Common symbol       size              file

uwTick              0x4               Drivers/STM32L4xx_HAL_Driver/Src/stm32l4xx_hal.o
htim1               0x4c              Core/Src/tim.o
distance_sensor     0x8               Core/Src/main.o
huart2              0x80              Core/Src/usart.o

Discarded input sections

 .text          0x0000000000000000        0x0 c:/st/stm32cubeide_1.4.0/stm32cubeide/plugins/com.st.stm32cube.ide.mcu.externaltools.gnu-tools-for-stm32.7-2018-q2-update.win32_1.5.0.202011040924/tools/bin/../lib/gcc/arm-none-eabi/7.3.1/thumb/v7e-m/fpv4-sp/hard/crti.o
 .data          0x0000000000000000        0x0 c:/st/stm32cubeide_1.4.0/stm32cubeide/plugins/com.st.stm32cube.ide.mcu.externaltools.gnu-tools-for-stm32.7-2018-q2-update.win32_1.5.0.202011040924/tools/bin/../lib/gcc/arm-none-eabi/7.3.1/thumb/v7e-m/fpv4-sp/hard/crti.o
[...]
Memory Configuration

Name             Origin             Length             Attributes
RAM              0x0000000020000000 0x0000000000018000 xrw
RAM2             0x0000000010000000 0x0000000000008000 xrw
FLASH            0x0000000008000000 0x0000000000100000 xr
*default*        0x0000000000000000 0xffffffffffffffff

Linker script and memory map

LOAD c:/st/stm32cubeide_1.4.0/stm32cubeide/plugins/com.st.stm32cube.ide.mcu.externaltools.gnu-tools-for-stm32.7-2018-q2-update.win32_1.5.0.202011040924/tools/bin/../lib/gcc/arm-none-eabi/7.3.1/thumb/v7e-m/fpv4-sp/hard/crti.o
LOAD c:/st/stm32cubeide_1.4.0/stm32cubeide/plugins/com.st.stm32cube.ide.mcu.externaltools.gnu-tools-for-stm32.7-2018-q2-update.win32_1.5.0.202011040924/tools/bin/../lib/gcc/arm-none-eabi/7.3.1/thumb/v7e-m/fpv4-sp/hard/crtbegin.o
LOAD c:/st/stm32cubeide_1.4.0/stm32cubeide/plugins/com.st.stm32cube.ide.mcu.externaltools.gnu-tools-for-stm32.7-2018-q2-update.win32_1.5.0.202011040924/tools/bin/../lib/gcc/arm-none-eabi/7.3.1/../../../../arm-none-eabi/lib/thumb/v7e-m/fpv4-sp/hard/crt0.o
LOAD Core/Src/gpio.o
LOAD Core/Src/hc_sr04.o
LOAD Core/Src/main.o
LOAD Core/Src/stm32l4xx_hal_msp.o
LOAD Core/Src/stm32l4xx_it.o
LOAD Core/Src/syscalls.o
LOAD Core/Src/sysmem.o
LOAD Core/Src/system_stm32l4xx.o
LOAD Core/Src/tim.o
LOAD Core/Src/usart.o
LOAD Core/Startup/startup_stm32l476rgtx.o
LOAD Drivers/STM32L4xx_HAL_Driver/Src/stm32l4xx_hal.o
LOAD Drivers/STM32L4xx_HAL_Driver/Src/stm32l4xx_hal_cortex.o
LOAD Drivers/STM32L4xx_HAL_Driver/Src/stm32l4xx_hal_dma.o
LOAD Drivers/STM32L4xx_HAL_Driver/Src/stm32l4xx_hal_dma_ex.o
LOAD Drivers/STM32L4xx_HAL_Driver/Src/stm32l4xx_hal_exti.o
LOAD Drivers/STM32L4xx_HAL_Driver/Src/stm32l4xx_hal_flash.o
LOAD Drivers/STM32L4xx_HAL_Driver/Src/stm32l4xx_hal_flash_ex.o
LOAD Drivers/STM32L4xx_HAL_Driver/Src/stm32l4xx_hal_flash_ramfunc.o
LOAD Drivers/STM32L4xx_HAL_Driver/Src/stm32l4xx_hal_gpio.o
LOAD Drivers/STM32L4xx_HAL_Driver/Src/stm32l4xx_hal_i2c.o
LOAD Drivers/STM32L4xx_HAL_Driver/Src/stm32l4xx_hal_i2c_ex.o
LOAD Drivers/STM32L4xx_HAL_Driver/Src/stm32l4xx_hal_pwr.o
LOAD Drivers/STM32L4xx_HAL_Driver/Src/stm32l4xx_hal_pwr_ex.o
LOAD Drivers/STM32L4xx_HAL_Driver/Src/stm32l4xx_hal_rcc.o
LOAD Drivers/STM32L4xx_HAL_Driver/Src/stm32l4xx_hal_rcc_ex.o
LOAD Drivers/STM32L4xx_HAL_Driver/Src/stm32l4xx_hal_tim.o
LOAD Drivers/STM32L4xx_HAL_Driver/Src/stm32l4xx_hal_tim_ex.o
LOAD Drivers/STM32L4xx_HAL_Driver/Src/stm32l4xx_hal_uart.o
LOAD Drivers/STM32L4xx_HAL_Driver/Src/stm32l4xx_hal_uart_ex.o
START GROUP
LOAD c:/st/stm32cubeide_1.4.0/stm32cubeide/plugins/com.st.stm32cube.ide.mcu.externaltools.gnu-tools-for-stm32.7-2018-q2-update.win32_1.5.0.202011040924/tools/bin/../lib/gcc/arm-none-eabi/7.3.1/../../../../arm-none-eabi/lib/thumb/v7e-m/fpv4-sp/hard\libc_nano.a
LOAD c:/st/stm32cubeide_1.4.0/stm32cubeide/plugins/com.st.stm32cube.ide.mcu.externaltools.gnu-tools-for-stm32.7-2018-q2-update.win32_1.5.0.202011040924/tools/bin/../lib/gcc/arm-none-eabi/7.3.1/../../../../arm-none-eabi/lib/thumb/v7e-m/fpv4-sp/hard\libm.a
END GROUP
START GROUP
LOAD c:/st/stm32cubeide_1.4.0/stm32cubeide/plugins/com.st.stm32cube.ide.mcu.externaltools.gnu-tools-for-stm32.7-2018-q2-update.win32_1.5.0.202011040924/tools/bin/../lib/gcc/arm-none-eabi/7.3.1/thumb/v7e-m/fpv4-sp/hard\libgcc.a
LOAD c:/st/stm32cubeide_1.4.0/stm32cubeide/plugins/com.st.stm32cube.ide.mcu.externaltools.gnu-tools-for-stm32.7-2018-q2-update.win32_1.5.0.202011040924/tools/bin/../lib/gcc/arm-none-eabi/7.3.1/../../../../arm-none-eabi/lib/thumb/v7e-m/fpv4-sp/hard\libc_nano.a
END GROUP
START GROUP
LOAD c:/st/stm32cubeide_1.4.0/stm32cubeide/plugins/com.st.stm32cube.ide.mcu.externaltools.gnu-tools-for-stm32.7-2018-q2-update.win32_1.5.0.202011040924/tools/bin/../lib/gcc/arm-none-eabi/7.3.1/thumb/v7e-m/fpv4-sp/hard\libgcc.a
LOAD c:/st/stm32cubeide_1.4.0/stm32cubeide/plugins/com.st.stm32cube.ide.mcu.externaltools.gnu-tools-for-stm32.7-2018-q2-update.win32_1.5.0.202011040924/tools/bin/../lib/gcc/arm-none-eabi/7.3.1/../../../../arm-none-eabi/lib/thumb/v7e-m/fpv4-sp/hard\libc_nano.a
LOAD c:/st/stm32cubeide_1.4.0/stm32cubeide/plugins/com.st.stm32cube.ide.mcu.externaltools.gnu-tools-for-stm32.7-2018-q2-update.win32_1.5.0.202011040924/tools/bin/../lib/gcc/arm-none-eabi/7.3.1/../../../../arm-none-eabi/lib/thumb/v7e-m/fpv4-sp/hard\libnosys.a
END GROUP
START GROUP
LOAD c:/st/stm32cubeide_1.4.0/stm32cubeide/plugins/com.st.stm32cube.ide.mcu.externaltools.gnu-tools-for-stm32.7-2018-q2-update.win32_1.5.0.202011040924/tools/bin/../lib/gcc/arm-none-eabi/7.3.1/thumb/v7e-m/fpv4-sp/hard\libgcc.a
LOAD c:/st/stm32cubeide_1.4.0/stm32cubeide/plugins/com.st.stm32cube.ide.mcu.externaltools.gnu-tools-for-stm32.7-2018-q2-update.win32_1.5.0.202011040924/tools/bin/../lib/gcc/arm-none-eabi/7.3.1/../../../../arm-none-eabi/lib/thumb/v7e-m/fpv4-sp/hard\libc_nano.a
LOAD c:/st/stm32cubeide_1.4.0/stm32cubeide/plugins/com.st.stm32cube.ide.mcu.externaltools.gnu-tools-for-stm32.7-2018-q2-update.win32_1.5.0.202011040924/tools/bin/../lib/gcc/arm-none-eabi/7.3.1/../../../../arm-none-eabi/lib/thumb/v7e-m/fpv4-sp/hard\libnosys.a
END GROUP
LOAD c:/st/stm32cubeide_1.4.0/stm32cubeide/plugins/com.st.stm32cube.ide.mcu.externaltools.gnu-tools-for-stm32.7-2018-q2-update.win32_1.5.0.202011040924/tools/bin/../lib/gcc/arm-none-eabi/7.3.1/thumb/v7e-m/fpv4-sp/hard/crtend.o
LOAD c:/st/stm32cubeide_1.4.0/stm32cubeide/plugins/com.st.stm32cube.ide.mcu.externaltools.gnu-tools-for-stm32.7-2018-q2-update.win32_1.5.0.202011040924/tools/bin/../lib/gcc/arm-none-eabi/7.3.1/thumb/v7e-m/fpv4-sp/hard/crtn.o
                0x0000000020018000                _estack = (ORIGIN (RAM) + LENGTH (RAM))
                0x0000000000000200                _Min_Heap_Size = 0x200
                0x0000000000000400                _Min_Stack_Size = 0x400

.isr_vector     0x0000000008000000      0x188
                0x0000000008000000                . = ALIGN (0x4)
 *(.isr_vector)
 .isr_vector    0x0000000008000000      0x188 Core/Startup/startup_stm32l476rgtx.o
                0x0000000008000000                g_pfnVectors
                0x0000000008000188                . = ALIGN (0x4)

.text           0x0000000008000188     0x4178
                0x0000000008000188                . = ALIGN (0x4)
 *(.text)
 .text          0x0000000008000188       0x40 c:/st/stm32cubeide_1.4.0/stm32cubeide/plugins/com.st.stm32cube.ide.mcu.externaltools.gnu-tools-for-stm32.7-2018-q2-update.win32_1.5.0.202011040924/tools/bin/../lib/gcc/arm-none-eabi/7.3.1/thumb/v7e-m/fpv4-sp/hard/crtbegin.o
 .text          0x00000000080001c8       0x30 c:/st/stm32cubeide_1.4.0/stm32cubeide/plugins/com.st.stm32cube.ide.mcu.externaltools.gnu-tools-for-stm32.7-2018-q2-update.win32_1.5.0.202011040924/tools/bin/../lib/gcc/arm-none-eabi/7.3.1/thumb/v7e-m/fpv4-sp/hard\libgcc.a(_aeabi_uldivmod.o)
                0x00000000080001c8                __aeabi_uldivmod
 .text          0x00000000080001f8      0x2cc c:/st/stm32cubeide_1.4.0/stm32cubeide/plugins/com.st.stm32cube.ide.mcu.externaltools.gnu-tools-for-stm32.7-2018-q2-update.win32_1.5.0.202011040924/tools/bin/../lib/gcc/arm-none-eabi/7.3.1/thumb/v7e-m/fpv4-sp/hard\libgcc.a(_udivmoddi4.o)
                0x00000000080001f8                __udivmoddi4
 .text          0x00000000080004c4        0x4 c:/st/stm32cubeide_1.4.0/stm32cubeide/plugins/com.st.stm32cube.ide.mcu.externaltools.gnu-tools-for-stm32.7-2018-q2-update.win32_1.5.0.202011040924/tools/bin/../lib/gcc/arm-none-eabi/7.3.1/thumb/v7e-m/fpv4-sp/hard\libgcc.a(_dvmd_tls.o)
                0x00000000080004c4                __aeabi_idiv0
                0x00000000080004c4                __aeabi_ldiv0
 *(.text*)
 .text.MX_GPIO_Init
                0x00000000080004c8       0xd4 Core/Src/gpio.o
                0x00000000080004c8                MX_GPIO_Init
 .text.hc_sr04_init
                0x000000000800059c       0x24 Core/Src/hc_sr04.o
                0x000000000800059c                hc_sr04_init
 .text.hc_sr04_set_trigger
                0x00000000080005c0       0x34 Core/Src/hc_sr04.o
                0x00000000080005c0                hc_sr04_set_trigger
 .text.hc_sr04_convert_us_to_cm
                0x00000000080005f4       0x24 Core/Src/hc_sr04.o
                0x00000000080005f4                hc_sr04_convert_us_to_cm
 .text.hc_sr_04_wait_us
                0x0000000008000618       0x38 Core/Src/hc_sr04.o
                0x0000000008000618                hc_sr_04_wait_us
 .text.main     0x0000000008000650       0x54 Core/Src/main.o
                0x0000000008000650                main
 .text.SystemClock_Config
                0x00000000080006a4       0xea Core/Src/main.o
                0x00000000080006a4                SystemClock_Config
 *fill*         0x000000000800078e        0x2 
 .text.HAL_TIM_IC_CaptureCallback
                0x0000000008000790       0x38 Core/Src/main.o
                0x0000000008000790                HAL_TIM_IC_CaptureCallback
 .text.Error_Handler
                0x00000000080007c8        0x8 Core/Src/main.o
                0x00000000080007c8                Error_Handler
 .text.HAL_MspInit
                0x00000000080007d0       0x48 Core/Src/stm32l4xx_hal_msp.o
                0x00000000080007d0                HAL_MspInit
 .text.NMI_Handler
                0x0000000008000818        0x6 Core/Src/stm32l4xx_it.o
                0x0000000008000818                NMI_Handler
 .text.HardFault_Handler
                0x000000000800081e        0x6 Core/Src/stm32l4xx_it.o
                0x000000000800081e                HardFault_Handler
 .text.MemManage_Handler
                0x0000000008000824        0x6 Core/Src/stm32l4xx_it.o
                0x0000000008000824                MemManage_Handler
 .text.BusFault_Handler
                0x000000000800082a        0x6 Core/Src/stm32l4xx_it.o
                0x000000000800082a                BusFault_Handler
 .text.UsageFault_Handler
                0x0000000008000830        0x6 Core/Src/stm32l4xx_it.o
                0x0000000008000830                UsageFault_Handler
 .text.SVC_Handler
                0x0000000008000836        0xe Core/Src/stm32l4xx_it.o
                0x0000000008000836                SVC_Handler
 .text.DebugMon_Handler
                0x0000000008000844        0xe Core/Src/stm32l4xx_it.o
                0x0000000008000844                DebugMon_Handler
 .text.PendSV_Handler
                0x0000000008000852        0xe Core/Src/stm32l4xx_it.o
                0x0000000008000852                PendSV_Handler
 .text.SysTick_Handler
                0x0000000008000860        0xc Core/Src/stm32l4xx_it.o
                0x0000000008000860                SysTick_Handler
 .text.TIM1_CC_IRQHandler
                0x000000000800086c       0x14 Core/Src/stm32l4xx_it.o
                0x000000000800086c                TIM1_CC_IRQHandler
 .text.SystemInit
                0x0000000008000880       0x6c Core/Src/system_stm32l4xx.o
                0x0000000008000880                SystemInit
 .text.MX_TIM1_Init
                0x00000000080008ec      0x148 Core/Src/tim.o
                0x00000000080008ec                MX_TIM1_Init
 .text.HAL_TIM_Base_MspInit
                0x0000000008000a34       0x98 Core/Src/tim.o
                0x0000000008000a34                HAL_TIM_Base_MspInit
 .text.MX_USART2_UART_Init
                0x0000000008000acc       0x60 Core/Src/usart.o
                0x0000000008000acc                MX_USART2_UART_Init
 .text.HAL_UART_MspInit
                0x0000000008000b2c       0x84 Core/Src/usart.o
                0x0000000008000b2c                HAL_UART_MspInit
 .text.Reset_Handler
                0x0000000008000bb0       0x50 Core/Startup/startup_stm32l476rgtx.o
                0x0000000008000bb0                Reset_Handler
 .text.Default_Handler
                0x0000000008000c00        0x2 Core/Startup/startup_stm32l476rgtx.o
                0x0000000008000c00                RTC_Alarm_IRQHandler
                0x0000000008000c00                EXTI2_IRQHandler
                0x0000000008000c00                TIM8_TRG_COM_IRQHandler
                0x0000000008000c00                TIM8_CC_IRQHandler
                0x0000000008000c00                TSC_IRQHandler
                0x0000000008000c00                TAMP_STAMP_IRQHandler
                0x0000000008000c00                EXTI3_IRQHandler
                0x0000000008000c00                LPTIM2_IRQHandler
                0x0000000008000c00                DFSDM1_FLT1_IRQHandler
                0x0000000008000c00                I2C3_ER_IRQHandler
                0x0000000008000c00                DFSDM1_FLT2_IRQHandler
                0x0000000008000c00                EXTI0_IRQHandler
                0x0000000008000c00                I2C2_EV_IRQHandler
                0x0000000008000c00                CAN1_RX0_IRQHandler
                0x0000000008000c00                FPU_IRQHandler
                0x0000000008000c00                TIM1_UP_TIM16_IRQHandler
                0x0000000008000c00                ADC1_2_IRQHandler
                0x0000000008000c00                SPI1_IRQHandler
                0x0000000008000c00                TIM6_DAC_IRQHandler
                0x0000000008000c00                TIM8_UP_IRQHandler
                0x0000000008000c00                DMA2_Channel2_IRQHandler
                0x0000000008000c00                DMA1_Channel4_IRQHandler
                0x0000000008000c00                SAI2_IRQHandler
                0x0000000008000c00                DFSDM1_FLT3_IRQHandler
                0x0000000008000c00                USART3_IRQHandler
                0x0000000008000c00                DMA1_Channel7_IRQHandler
                0x0000000008000c00                CAN1_RX1_IRQHandler
                0x0000000008000c00                LCD_IRQHandler
                0x0000000008000c00                UART5_IRQHandler
                0x0000000008000c00                ADC3_IRQHandler
                0x0000000008000c00                TIM4_IRQHandler
                0x0000000008000c00                DMA2_Channel1_IRQHandler
                0x0000000008000c00                QUADSPI_IRQHandler
                0x0000000008000c00                I2C1_EV_IRQHandler
                0x0000000008000c00                DMA1_Channel6_IRQHandler
                0x0000000008000c00                UART4_IRQHandler
                0x0000000008000c00                DMA2_Channel4_IRQHandler
                0x0000000008000c00                TIM3_IRQHandler
                0x0000000008000c00                RCC_IRQHandler
                0x0000000008000c00                DMA1_Channel1_IRQHandler
                0x0000000008000c00                Default_Handler
                0x0000000008000c00                DMA2_Channel7_IRQHandler
                0x0000000008000c00                EXTI15_10_IRQHandler
                0x0000000008000c00                TIM7_IRQHandler
                0x0000000008000c00                SDMMC1_IRQHandler
                0x0000000008000c00                TIM5_IRQHandler
                0x0000000008000c00                I2C3_EV_IRQHandler
                0x0000000008000c00                EXTI9_5_IRQHandler
                0x0000000008000c00                RTC_WKUP_IRQHandler
                0x0000000008000c00                PVD_PVM_IRQHandler
                0x0000000008000c00                SPI2_IRQHandler
                0x0000000008000c00                CAN1_TX_IRQHandler
                0x0000000008000c00                DMA2_Channel5_IRQHandler
                0x0000000008000c00                DMA1_Channel5_IRQHandler
                0x0000000008000c00                EXTI4_IRQHandler
                0x0000000008000c00                RNG_IRQHandler
                0x0000000008000c00                TIM1_TRG_COM_TIM17_IRQHandler
                0x0000000008000c00                DMA1_Channel3_IRQHandler
                0x0000000008000c00                COMP_IRQHandler
                0x0000000008000c00                WWDG_IRQHandler
                0x0000000008000c00                LPUART1_IRQHandler
                0x0000000008000c00                DMA2_Channel6_IRQHandler
                0x0000000008000c00                TIM2_IRQHandler
                0x0000000008000c00                EXTI1_IRQHandler
                0x0000000008000c00                USART2_IRQHandler
                0x0000000008000c00                DFSDM1_FLT0_IRQHandler
                0x0000000008000c00                I2C2_ER_IRQHandler
                0x0000000008000c00                DMA1_Channel2_IRQHandler
                0x0000000008000c00                TIM8_BRK_IRQHandler
                0x0000000008000c00                CAN1_SCE_IRQHandler
                0x0000000008000c00                FLASH_IRQHandler
                0x0000000008000c00                USART1_IRQHandler
                0x0000000008000c00                OTG_FS_IRQHandler
                0x0000000008000c00                SPI3_IRQHandler
                0x0000000008000c00                I2C1_ER_IRQHandler
                0x0000000008000c00                FMC_IRQHandler
                0x0000000008000c00                SWPMI1_IRQHandler
                0x0000000008000c00                LPTIM1_IRQHandler
                0x0000000008000c00                SAI1_IRQHandler
                0x0000000008000c00                DMA2_Channel3_IRQHandler
                0x0000000008000c00                TIM1_BRK_TIM15_IRQHandler
 *fill*         0x0000000008000c02        0x2 
 .text.HAL_Init
                0x0000000008000c04       0x40 Drivers/STM32L4xx_HAL_Driver/Src/stm32l4xx_hal.o
                0x0000000008000c04                HAL_Init
 .text.HAL_InitTick
                0x0000000008000c44       0x78 Drivers/STM32L4xx_HAL_Driver/Src/stm32l4xx_hal.o
                0x0000000008000c44                HAL_InitTick
 .text.HAL_IncTick
                0x0000000008000cbc       0x28 Drivers/STM32L4xx_HAL_Driver/Src/stm32l4xx_hal.o
                0x0000000008000cbc                HAL_IncTick
 .text.HAL_GetTick
                0x0000000008000ce4       0x18 Drivers/STM32L4xx_HAL_Driver/Src/stm32l4xx_hal.o
                0x0000000008000ce4                HAL_GetTick
 .text.__NVIC_SetPriorityGrouping
                0x0000000008000cfc       0x48 Drivers/STM32L4xx_HAL_Driver/Src/stm32l4xx_hal_cortex.o
 .text.__NVIC_GetPriorityGrouping
                0x0000000008000d44       0x1c Drivers/STM32L4xx_HAL_Driver/Src/stm32l4xx_hal_cortex.o
 .text.__NVIC_EnableIRQ
                0x0000000008000d60       0x3c Drivers/STM32L4xx_HAL_Driver/Src/stm32l4xx_hal_cortex.o
 .text.__NVIC_SetPriority
                0x0000000008000d9c       0x54 Drivers/STM32L4xx_HAL_Driver/Src/stm32l4xx_hal_cortex.o
 .text.NVIC_EncodePriority
                0x0000000008000df0       0x66 Drivers/STM32L4xx_HAL_Driver/Src/stm32l4xx_hal_cortex.o
 *fill*         0x0000000008000e56        0x2 
 .text.SysTick_Config
                0x0000000008000e58       0x44 Drivers/STM32L4xx_HAL_Driver/Src/stm32l4xx_hal_cortex.o
 .text.HAL_NVIC_SetPriorityGrouping
                0x0000000008000e9c       0x16 Drivers/STM32L4xx_HAL_Driver/Src/stm32l4xx_hal_cortex.o
                0x0000000008000e9c                HAL_NVIC_SetPriorityGrouping
 .text.HAL_NVIC_SetPriority
                0x0000000008000eb2       0x38 Drivers/STM32L4xx_HAL_Driver/Src/stm32l4xx_hal_cortex.o
                0x0000000008000eb2                HAL_NVIC_SetPriority
 .text.HAL_NVIC_EnableIRQ
                0x0000000008000eea       0x1c Drivers/STM32L4xx_HAL_Driver/Src/stm32l4xx_hal_cortex.o
                0x0000000008000eea                HAL_NVIC_EnableIRQ
 .text.HAL_SYSTICK_Config
                0x0000000008000f06       0x18 Drivers/STM32L4xx_HAL_Driver/Src/stm32l4xx_hal_cortex.o
                0x0000000008000f06                HAL_SYSTICK_Config
 *fill*         0x0000000008000f1e        0x2 
 .text.HAL_GPIO_Init
                0x0000000008000f20      0x350 Drivers/STM32L4xx_HAL_Driver/Src/stm32l4xx_hal_gpio.o
                0x0000000008000f20                HAL_GPIO_Init
 .text.HAL_GPIO_WritePin
                0x0000000008001270       0x30 Drivers/STM32L4xx_HAL_Driver/Src/stm32l4xx_hal_gpio.o
                0x0000000008001270                HAL_GPIO_WritePin
 .text.HAL_PWREx_GetVoltageRange
                0x00000000080012a0       0x1c Drivers/STM32L4xx_HAL_Driver/Src/stm32l4xx_hal_pwr_ex.o
                0x00000000080012a0                HAL_PWREx_GetVoltageRange
 .text.HAL_PWREx_ControlVoltageScaling
                0x00000000080012bc       0xac Drivers/STM32L4xx_HAL_Driver/Src/stm32l4xx_hal_pwr_ex.o
                0x00000000080012bc                HAL_PWREx_ControlVoltageScaling
 .text.HAL_RCC_OscConfig
                0x0000000008001368      0x7cc Drivers/STM32L4xx_HAL_Driver/Src/stm32l4xx_hal_rcc.o
                0x0000000008001368                HAL_RCC_OscConfig
 .text.HAL_RCC_ClockConfig
                0x0000000008001b34      0x1c4 Drivers/STM32L4xx_HAL_Driver/Src/stm32l4xx_hal_rcc.o
                0x0000000008001b34                HAL_RCC_ClockConfig
 .text.HAL_RCC_GetSysClockFreq
                0x0000000008001cf8      0x114 Drivers/STM32L4xx_HAL_Driver/Src/stm32l4xx_hal_rcc.o
                0x0000000008001cf8                HAL_RCC_GetSysClockFreq
 .text.HAL_RCC_GetHCLKFreq
                0x0000000008001e0c       0x18 Drivers/STM32L4xx_HAL_Driver/Src/stm32l4xx_hal_rcc.o
                0x0000000008001e0c                HAL_RCC_GetHCLKFreq
 .text.HAL_RCC_GetPCLK1Freq
                0x0000000008001e24       0x2c Drivers/STM32L4xx_HAL_Driver/Src/stm32l4xx_hal_rcc.o
                0x0000000008001e24                HAL_RCC_GetPCLK1Freq
 .text.HAL_RCC_GetPCLK2Freq
                0x0000000008001e50       0x2c Drivers/STM32L4xx_HAL_Driver/Src/stm32l4xx_hal_rcc.o
                0x0000000008001e50                HAL_RCC_GetPCLK2Freq
 .text.RCC_SetFlashLatencyFromMSIRange
                0x0000000008001e7c       0xc0 Drivers/STM32L4xx_HAL_Driver/Src/stm32l4xx_hal_rcc.o
 .text.HAL_RCCEx_PeriphCLKConfig
                0x0000000008001f3c      0x5cc Drivers/STM32L4xx_HAL_Driver/Src/stm32l4xx_hal_rcc_ex.o
                0x0000000008001f3c                HAL_RCCEx_PeriphCLKConfig
 .text.RCCEx_PLLSAI1_Config
                0x0000000008002508      0x1e0 Drivers/STM32L4xx_HAL_Driver/Src/stm32l4xx_hal_rcc_ex.o
 .text.RCCEx_PLLSAI2_Config
                0x00000000080026e8      0x1b4 Drivers/STM32L4xx_HAL_Driver/Src/stm32l4xx_hal_rcc_ex.o
 .text.HAL_TIM_Base_Init
                0x000000000800289c       0xae Drivers/STM32L4xx_HAL_Driver/Src/stm32l4xx_hal_tim.o
                0x000000000800289c                HAL_TIM_Base_Init
 .text.HAL_TIM_IC_Init
                0x000000000800294a       0xae Drivers/STM32L4xx_HAL_Driver/Src/stm32l4xx_hal_tim.o
                0x000000000800294a                HAL_TIM_IC_Init
 .text.HAL_TIM_IC_MspInit
                0x00000000080029f8       0x14 Drivers/STM32L4xx_HAL_Driver/Src/stm32l4xx_hal_tim.o
                0x00000000080029f8                HAL_TIM_IC_MspInit
 .text.HAL_TIM_IC_Start_IT
                0x0000000008002a0c      0x284 Drivers/STM32L4xx_HAL_Driver/Src/stm32l4xx_hal_tim.o
                0x0000000008002a0c                HAL_TIM_IC_Start_IT
 .text.HAL_TIM_IRQHandler
                0x0000000008002c90      0x23e Drivers/STM32L4xx_HAL_Driver/Src/stm32l4xx_hal_tim.o
                0x0000000008002c90                HAL_TIM_IRQHandler
 .text.HAL_TIM_IC_ConfigChannel
                0x0000000008002ece      0x128 Drivers/STM32L4xx_HAL_Driver/Src/stm32l4xx_hal_tim.o
                0x0000000008002ece                HAL_TIM_IC_ConfigChannel
 .text.HAL_TIM_ConfigClockSource
                0x0000000008002ff6      0x172 Drivers/STM32L4xx_HAL_Driver/Src/stm32l4xx_hal_tim.o
                0x0000000008002ff6                HAL_TIM_ConfigClockSource
 .text.HAL_TIM_SlaveConfigSynchro
                0x0000000008003168       0x84 Drivers/STM32L4xx_HAL_Driver/Src/stm32l4xx_hal_tim.o
                0x0000000008003168                HAL_TIM_SlaveConfigSynchro
 .text.HAL_TIM_ReadCapturedValue
                0x00000000080031ec       0x88 Drivers/STM32L4xx_HAL_Driver/Src/stm32l4xx_hal_tim.o
                0x00000000080031ec                HAL_TIM_ReadCapturedValue
 .text.HAL_TIM_PeriodElapsedCallback
                0x0000000008003274       0x14 Drivers/STM32L4xx_HAL_Driver/Src/stm32l4xx_hal_tim.o
                0x0000000008003274                HAL_TIM_PeriodElapsedCallback
 .text.HAL_TIM_OC_DelayElapsedCallback
                0x0000000008003288       0x14 Drivers/STM32L4xx_HAL_Driver/Src/stm32l4xx_hal_tim.o
                0x0000000008003288                HAL_TIM_OC_DelayElapsedCallback
 .text.HAL_TIM_PWM_PulseFinishedCallback
                0x000000000800329c       0x14 Drivers/STM32L4xx_HAL_Driver/Src/stm32l4xx_hal_tim.o
                0x000000000800329c                HAL_TIM_PWM_PulseFinishedCallback
 .text.HAL_TIM_TriggerCallback
                0x00000000080032b0       0x14 Drivers/STM32L4xx_HAL_Driver/Src/stm32l4xx_hal_tim.o
                0x00000000080032b0                HAL_TIM_TriggerCallback
 .text.TIM_Base_SetConfig
                0x00000000080032c4      0x134 Drivers/STM32L4xx_HAL_Driver/Src/stm32l4xx_hal_tim.o
                0x00000000080032c4                TIM_Base_SetConfig
 .text.TIM_SlaveTimer_SetConfig
                0x00000000080033f8      0x110 Drivers/STM32L4xx_HAL_Driver/Src/stm32l4xx_hal_tim.o
 .text.TIM_TI1_SetConfig
                0x0000000008003508       0xdc Drivers/STM32L4xx_HAL_Driver/Src/stm32l4xx_hal_tim.o
                0x0000000008003508                TIM_TI1_SetConfig
 .text.TIM_TI1_ConfigInputStage
                0x00000000080035e4       0x5e Drivers/STM32L4xx_HAL_Driver/Src/stm32l4xx_hal_tim.o
 .text.TIM_TI2_SetConfig
                0x0000000008003642       0x7a Drivers/STM32L4xx_HAL_Driver/Src/stm32l4xx_hal_tim.o
 .text.TIM_TI2_ConfigInputStage
                0x00000000080036bc       0x60 Drivers/STM32L4xx_HAL_Driver/Src/stm32l4xx_hal_tim.o
 .text.TIM_TI3_SetConfig
                0x000000000800371c       0x78 Drivers/STM32L4xx_HAL_Driver/Src/stm32l4xx_hal_tim.o
 .text.TIM_TI4_SetConfig
                0x0000000008003794       0x7a Drivers/STM32L4xx_HAL_Driver/Src/stm32l4xx_hal_tim.o
 .text.TIM_ITRx_SetConfig
                0x000000000800380e       0x36 Drivers/STM32L4xx_HAL_Driver/Src/stm32l4xx_hal_tim.o
 .text.TIM_ETR_SetConfig
                0x0000000008003844       0x40 Drivers/STM32L4xx_HAL_Driver/Src/stm32l4xx_hal_tim.o
                0x0000000008003844                TIM_ETR_SetConfig
 .text.TIM_CCxChannelCmd
                0x0000000008003884       0x4a Drivers/STM32L4xx_HAL_Driver/Src/stm32l4xx_hal_tim.o
                0x0000000008003884                TIM_CCxChannelCmd
 *fill*         0x00000000080038ce        0x2 
 .text.HAL_TIMEx_MasterConfigSynchronization
                0x00000000080038d0      0x110 Drivers/STM32L4xx_HAL_Driver/Src/stm32l4xx_hal_tim_ex.o
                0x00000000080038d0                HAL_TIMEx_MasterConfigSynchronization
 .text.HAL_TIMEx_CommutCallback
                0x00000000080039e0       0x14 Drivers/STM32L4xx_HAL_Driver/Src/stm32l4xx_hal_tim_ex.o
                0x00000000080039e0                HAL_TIMEx_CommutCallback
 .text.HAL_TIMEx_BreakCallback
                0x00000000080039f4       0x14 Drivers/STM32L4xx_HAL_Driver/Src/stm32l4xx_hal_tim_ex.o
                0x00000000080039f4                HAL_TIMEx_BreakCallback
 .text.HAL_TIMEx_Break2Callback
                0x0000000008003a08       0x14 Drivers/STM32L4xx_HAL_Driver/Src/stm32l4xx_hal_tim_ex.o
                0x0000000008003a08                HAL_TIMEx_Break2Callback
 .text.HAL_UART_Init
                0x0000000008003a1c       0x9c Drivers/STM32L4xx_HAL_Driver/Src/stm32l4xx_hal_uart.o
                0x0000000008003a1c                HAL_UART_Init
 .text.UART_SetConfig
                0x0000000008003ab8      0x514 Drivers/STM32L4xx_HAL_Driver/Src/stm32l4xx_hal_uart.o
                0x0000000008003ab8                UART_SetConfig
 .text.UART_AdvFeatureConfig
                0x0000000008003fcc      0x144 Drivers/STM32L4xx_HAL_Driver/Src/stm32l4xx_hal_uart.o
                0x0000000008003fcc                UART_AdvFeatureConfig
 .text.UART_CheckIdleState
                0x0000000008004110       0x8a Drivers/STM32L4xx_HAL_Driver/Src/stm32l4xx_hal_uart.o
                0x0000000008004110                UART_CheckIdleState
 .text.UART_WaitOnFlagUntilTimeout
                0x000000000800419a       0xf6 Drivers/STM32L4xx_HAL_Driver/Src/stm32l4xx_hal_uart.o
                0x000000000800419a                UART_WaitOnFlagUntilTimeout
 .text.__libc_init_array
                0x0000000008004290       0x48 c:/st/stm32cubeide_1.4.0/stm32cubeide/plugins/com.st.stm32cube.ide.mcu.externaltools.gnu-tools-for-stm32.7-2018-q2-update.win32_1.5.0.202011040924/tools/bin/../lib/gcc/arm-none-eabi/7.3.1/../../../../arm-none-eabi/lib/thumb/v7e-m/fpv4-sp/hard\libc_nano.a(lib_a-init.o)
                0x0000000008004290                __libc_init_array
 .text.memset   0x00000000080042d8       0x10 c:/st/stm32cubeide_1.4.0/stm32cubeide/plugins/com.st.stm32cube.ide.mcu.externaltools.gnu-tools-for-stm32.7-2018-q2-update.win32_1.5.0.202011040924/tools/bin/../lib/gcc/arm-none-eabi/7.3.1/../../../../arm-none-eabi/lib/thumb/v7e-m/fpv4-sp/hard\libc_nano.a(lib_a-memset.o)
                0x00000000080042d8                memset
 *(.glue_7)
 .glue_7        0x00000000080042e8        0x0 linker stubs
 *(.glue_7t)
 .glue_7t       0x00000000080042e8        0x0 linker stubs
 *(.eh_frame)
 .eh_frame      0x00000000080042e8        0x0 c:/st/stm32cubeide_1.4.0/stm32cubeide/plugins/com.st.stm32cube.ide.mcu.externaltools.gnu-tools-for-stm32.7-2018-q2-update.win32_1.5.0.202011040924/tools/bin/../lib/gcc/arm-none-eabi/7.3.1/thumb/v7e-m/fpv4-sp/hard/crtbegin.o
 *(.init)
 .init          0x00000000080042e8        0x4 c:/st/stm32cubeide_1.4.0/stm32cubeide/plugins/com.st.stm32cube.ide.mcu.externaltools.gnu-tools-for-stm32.7-2018-q2-update.win32_1.5.0.202011040924/tools/bin/../lib/gcc/arm-none-eabi/7.3.1/thumb/v7e-m/fpv4-sp/hard/crti.o
                0x00000000080042e8                _init
 .init          0x00000000080042ec        0x8 c:/st/stm32cubeide_1.4.0/stm32cubeide/plugins/com.st.stm32cube.ide.mcu.externaltools.gnu-tools-for-stm32.7-2018-q2-update.win32_1.5.0.202011040924/tools/bin/../lib/gcc/arm-none-eabi/7.3.1/thumb/v7e-m/fpv4-sp/hard/crtn.o
 *(.fini)
 .fini          0x00000000080042f4        0x4 c:/st/stm32cubeide_1.4.0/stm32cubeide/plugins/com.st.stm32cube.ide.mcu.externaltools.gnu-tools-for-stm32.7-2018-q2-update.win32_1.5.0.202011040924/tools/bin/../lib/gcc/arm-none-eabi/7.3.1/thumb/v7e-m/fpv4-sp/hard/crti.o
                0x00000000080042f4                _fini
 .fini          0x00000000080042f8        0x8 c:/st/stm32cubeide_1.4.0/stm32cubeide/plugins/com.st.stm32cube.ide.mcu.externaltools.gnu-tools-for-stm32.7-2018-q2-update.win32_1.5.0.202011040924/tools/bin/../lib/gcc/arm-none-eabi/7.3.1/thumb/v7e-m/fpv4-sp/hard/crtn.o
                0x0000000008004300                . = ALIGN (0x4)
                0x0000000008004300                _etext = .

.vfp11_veneer   0x0000000008004300        0x0
 .vfp11_veneer  0x0000000008004300        0x0 linker stubs

.v4_bx          0x0000000008004300        0x0
 .v4_bx         0x0000000008004300        0x0 linker stubs

.iplt           0x0000000008004300        0x0
 .iplt          0x0000000008004300        0x0 c:/st/stm32cubeide_1.4.0/stm32cubeide/plugins/com.st.stm32cube.ide.mcu.externaltools.gnu-tools-for-stm32.7-2018-q2-update.win32_1.5.0.202011040924/tools/bin/../lib/gcc/arm-none-eabi/7.3.1/thumb/v7e-m/fpv4-sp/hard/crtbegin.o

.rodata         0x0000000008004300       0x48
                0x0000000008004300                . = ALIGN (0x4)
 *(.rodata)
 *(.rodata*)
 .rodata.AHBPrescTable
                0x0000000008004300       0x10 Core/Src/system_stm32l4xx.o
                0x0000000008004300                AHBPrescTable
 .rodata.APBPrescTable
                0x0000000008004310        0x8 Core/Src/system_stm32l4xx.o
                0x0000000008004310                APBPrescTable
 .rodata.MSIRangeTable
                0x0000000008004318       0x30 Core/Src/system_stm32l4xx.o
                0x0000000008004318                MSIRangeTable
                0x0000000008004348                . = ALIGN (0x4)

.ARM.extab      0x0000000008004348        0x0
                0x0000000008004348                . = ALIGN (0x4)
 *(.ARM.extab* .gnu.linkonce.armextab.*)
                0x0000000008004348                . = ALIGN (0x4)

.ARM            0x0000000008004348        0x8
                0x0000000008004348                . = ALIGN (0x4)
                0x0000000008004348                __exidx_start = .
 *(.ARM.exidx*)
 .ARM.exidx     0x0000000008004348        0x8 c:/st/stm32cubeide_1.4.0/stm32cubeide/plugins/com.st.stm32cube.ide.mcu.externaltools.gnu-tools-for-stm32.7-2018-q2-update.win32_1.5.0.202011040924/tools/bin/../lib/gcc/arm-none-eabi/7.3.1/thumb/v7e-m/fpv4-sp/hard\libgcc.a(_udivmoddi4.o)
                0x0000000008004350                __exidx_end = .
                0x0000000008004350                . = ALIGN (0x4)

.rel.dyn        0x0000000008004350        0x0
 .rel.iplt      0x0000000008004350        0x0 c:/st/stm32cubeide_1.4.0/stm32cubeide/plugins/com.st.stm32cube.ide.mcu.externaltools.gnu-tools-for-stm32.7-2018-q2-update.win32_1.5.0.202011040924/tools/bin/../lib/gcc/arm-none-eabi/7.3.1/thumb/v7e-m/fpv4-sp/hard/crtbegin.o

.preinit_array  0x0000000008004350        0x0
                0x0000000008004350                . = ALIGN (0x4)
                0x0000000008004350                PROVIDE (__preinit_array_start = .)
 *(.preinit_array*)
                0x0000000008004350                PROVIDE (__preinit_array_end = .)
                0x0000000008004350                . = ALIGN (0x4)

.init_array     0x0000000008004350        0x4
                0x0000000008004350                . = ALIGN (0x4)
                0x0000000008004350                PROVIDE (__init_array_start = .)
 *(SORT_BY_NAME(.init_array.*))
 *(.init_array*)
 .init_array    0x0000000008004350        0x4 c:/st/stm32cubeide_1.4.0/stm32cubeide/plugins/com.st.stm32cube.ide.mcu.externaltools.gnu-tools-for-stm32.7-2018-q2-update.win32_1.5.0.202011040924/tools/bin/../lib/gcc/arm-none-eabi/7.3.1/thumb/v7e-m/fpv4-sp/hard/crtbegin.o
                0x0000000008004354                PROVIDE (__init_array_end = .)
                0x0000000008004354                . = ALIGN (0x4)

.fini_array     0x0000000008004354        0x4
                0x0000000008004354                . = ALIGN (0x4)
                [!provide]                        PROVIDE (__fini_array_start = .)
 *(SORT_BY_NAME(.fini_array.*))
 *(.fini_array*)
 .fini_array    0x0000000008004354        0x4 c:/st/stm32cubeide_1.4.0/stm32cubeide/plugins/com.st.stm32cube.ide.mcu.externaltools.gnu-tools-for-stm32.7-2018-q2-update.win32_1.5.0.202011040924/tools/bin/../lib/gcc/arm-none-eabi/7.3.1/thumb/v7e-m/fpv4-sp/hard/crtbegin.o
                [!provide]                        PROVIDE (__fini_array_end = .)
                0x0000000008004358                . = ALIGN (0x4)
                0x0000000008004358                _sidata = LOADADDR (.data)

.data           0x0000000020000000        0xc load address 0x0000000008004358
                0x0000000020000000                . = ALIGN (0x4)
                0x0000000020000000                _sdata = .
 *(.data)
 *(.data*)
 .data.SystemCoreClock
                0x0000000020000000        0x4 Core/Src/system_stm32l4xx.o
                0x0000000020000000                SystemCoreClock
 .data.uwTickPrio
                0x0000000020000004        0x4 Drivers/STM32L4xx_HAL_Driver/Src/stm32l4xx_hal.o
                0x0000000020000004                uwTickPrio
 .data.uwTickFreq
                0x0000000020000008        0x1 Drivers/STM32L4xx_HAL_Driver/Src/stm32l4xx_hal.o
                0x0000000020000008                uwTickFreq
 *(.RamFunc)
 *(.RamFunc*)
                0x000000002000000c                . = ALIGN (0x4)
 *fill*         0x0000000020000009        0x3 
                0x000000002000000c                _edata = .

.igot.plt       0x000000002000000c        0x0 load address 0x0000000008004364
 .igot.plt      0x000000002000000c        0x0 c:/st/stm32cubeide_1.4.0/stm32cubeide/plugins/com.st.stm32cube.ide.mcu.externaltools.gnu-tools-for-stm32.7-2018-q2-update.win32_1.5.0.202011040924/tools/bin/../lib/gcc/arm-none-eabi/7.3.1/thumb/v7e-m/fpv4-sp/hard/crtbegin.o
                0x000000002000000c                . = ALIGN (0x4)

.bss            0x000000002000000c       0xf4 load address 0x0000000008004364
                0x000000002000000c                _sbss = .
                0x000000002000000c                __bss_start__ = _sbss
 *(.bss)
 .bss           0x000000002000000c       0x1c c:/st/stm32cubeide_1.4.0/stm32cubeide/plugins/com.st.stm32cube.ide.mcu.externaltools.gnu-tools-for-stm32.7-2018-q2-update.win32_1.5.0.202011040924/tools/bin/../lib/gcc/arm-none-eabi/7.3.1/thumb/v7e-m/fpv4-sp/hard/crtbegin.o
 *(.bss*)
 *(COMMON)
 COMMON         0x0000000020000028        0x8 Core/Src/main.o
                0x0000000020000028                distance_sensor
 COMMON         0x0000000020000030       0x4c Core/Src/tim.o
                0x0000000020000030                htim1
 COMMON         0x000000002000007c       0x80 Core/Src/usart.o
                0x000000002000007c                huart2
 COMMON         0x00000000200000fc        0x4 Drivers/STM32L4xx_HAL_Driver/Src/stm32l4xx_hal.o
                0x00000000200000fc                uwTick
                0x0000000020000100                . = ALIGN (0x4)
                0x0000000020000100                _ebss = .
                0x0000000020000100                __bss_end__ = _ebss

._user_heap_stack
                0x0000000020000100      0x600 load address 0x0000000008004364
                0x0000000020000100                . = ALIGN (0x8)
                [!provide]                        PROVIDE (end = .)
                0x0000000020000100                PROVIDE (_end = .)
                0x0000000020000300                . = (. + _Min_Heap_Size)
 *fill*         0x0000000020000100      0x200 
                0x0000000020000700                . = (. + _Min_Stack_Size)
 *fill*         0x0000000020000300      0x400 
                0x0000000020000700                . = ALIGN (0x8)

/DISCARD/
 libc.a(*)
 libm.a(*)
 libgcc.a(*)

.ARM.attributes
                0x0000000000000000       0x30
 *(.ARM.attributes)
 .ARM.attributes
                0x0000000000000000       0x22 c:/st/stm32cubeide_1.4.0/stm32cubeide/plugins/com.st.stm32cube.ide.mcu.externaltools.gnu-tools-for-stm32.7-2018-q2-update.win32_1.5.0.202011040924/tools/bin/../lib/gcc/arm-none-eabi/7.3.1/thumb/v7e-m/fpv4-sp/hard/crti.o
 .ARM.attributes
                0x0000000000000022       0x34 c:/st/stm32cubeide_1.4.0/stm32cubeide/plugins/com.st.stm32cube.ide.mcu.externaltools.gnu-tools-for-stm32.7-2018-q2-update.win32_1.5.0.202011040924/tools/bin/../lib/gcc/arm-none-eabi/7.3.1/thumb/v7e-m/fpv4-sp/hard/crtbegin.o
 .ARM.attributes
                0x0000000000000056       0x39 Core/Src/gpio.o
 .ARM.attributes
                0x000000000000008f       0x39 Core/Src/hc_sr04.o
 .ARM.attributes
                0x00000000000000c8       0x39 Core/Src/main.o
 .ARM.attributes
                0x0000000000000101       0x39 Core/Src/stm32l4xx_hal_msp.o
 .ARM.attributes
                0x000000000000013a       0x39 Core/Src/stm32l4xx_it.o
 .ARM.attributes
                0x0000000000000173       0x39 Core/Src/system_stm32l4xx.o
 .ARM.attributes
                0x00000000000001ac       0x39 Core/Src/tim.o
 .ARM.attributes
                0x00000000000001e5       0x39 Core/Src/usart.o
 .ARM.attributes
                0x000000000000021e       0x21 Core/Startup/startup_stm32l476rgtx.o
 .ARM.attributes
                0x000000000000023f       0x39 Drivers/STM32L4xx_HAL_Driver/Src/stm32l4xx_hal.o
 .ARM.attributes
                0x0000000000000278       0x39 Drivers/STM32L4xx_HAL_Driver/Src/stm32l4xx_hal_cortex.o
 .ARM.attributes
                0x00000000000002b1       0x39 Drivers/STM32L4xx_HAL_Driver/Src/stm32l4xx_hal_gpio.o
 .ARM.attributes
                0x00000000000002ea       0x39 Drivers/STM32L4xx_HAL_Driver/Src/stm32l4xx_hal_pwr_ex.o
 .ARM.attributes
                0x0000000000000323       0x39 Drivers/STM32L4xx_HAL_Driver/Src/stm32l4xx_hal_rcc.o
 .ARM.attributes
                0x000000000000035c       0x39 Drivers/STM32L4xx_HAL_Driver/Src/stm32l4xx_hal_rcc_ex.o
 .ARM.attributes
                0x0000000000000395       0x39 Drivers/STM32L4xx_HAL_Driver/Src/stm32l4xx_hal_tim.o
 .ARM.attributes
                0x00000000000003ce       0x39 Drivers/STM32L4xx_HAL_Driver/Src/stm32l4xx_hal_tim_ex.o
 .ARM.attributes
                0x0000000000000407       0x39 Drivers/STM32L4xx_HAL_Driver/Src/stm32l4xx_hal_uart.o
 .ARM.attributes
                0x0000000000000440       0x34 c:/st/stm32cubeide_1.4.0/stm32cubeide/plugins/com.st.stm32cube.ide.mcu.externaltools.gnu-tools-for-stm32.7-2018-q2-update.win32_1.5.0.202011040924/tools/bin/../lib/gcc/arm-none-eabi/7.3.1/../../../../arm-none-eabi/lib/thumb/v7e-m/fpv4-sp/hard\libc_nano.a(lib_a-init.o)
 .ARM.attributes
                0x0000000000000474       0x34 c:/st/stm32cubeide_1.4.0/stm32cubeide/plugins/com.st.stm32cube.ide.mcu.externaltools.gnu-tools-for-stm32.7-2018-q2-update.win32_1.5.0.202011040924/tools/bin/../lib/gcc/arm-none-eabi/7.3.1/../../../../arm-none-eabi/lib/thumb/v7e-m/fpv4-sp/hard\libc_nano.a(lib_a-memset.o)
 .ARM.attributes
                0x00000000000004a8       0x22 c:/st/stm32cubeide_1.4.0/stm32cubeide/plugins/com.st.stm32cube.ide.mcu.externaltools.gnu-tools-for-stm32.7-2018-q2-update.win32_1.5.0.202011040924/tools/bin/../lib/gcc/arm-none-eabi/7.3.1/thumb/v7e-m/fpv4-sp/hard\libgcc.a(_aeabi_uldivmod.o)
 .ARM.attributes
                0x00000000000004ca       0x34 c:/st/stm32cubeide_1.4.0/stm32cubeide/plugins/com.st.stm32cube.ide.mcu.externaltools.gnu-tools-for-stm32.7-2018-q2-update.win32_1.5.0.202011040924/tools/bin/../lib/gcc/arm-none-eabi/7.3.1/thumb/v7e-m/fpv4-sp/hard\libgcc.a(_udivmoddi4.o)
 .ARM.attributes
                0x00000000000004fe       0x22 c:/st/stm32cubeide_1.4.0/stm32cubeide/plugins/com.st.stm32cube.ide.mcu.externaltools.gnu-tools-for-stm32.7-2018-q2-update.win32_1.5.0.202011040924/tools/bin/../lib/gcc/arm-none-eabi/7.3.1/thumb/v7e-m/fpv4-sp/hard\libgcc.a(_dvmd_tls.o)
 .ARM.attributes
                0x0000000000000520       0x22 c:/st/stm32cubeide_1.4.0/stm32cubeide/plugins/com.st.stm32cube.ide.mcu.externaltools.gnu-tools-for-stm32.7-2018-q2-update.win32_1.5.0.202011040924/tools/bin/../lib/gcc/arm-none-eabi/7.3.1/thumb/v7e-m/fpv4-sp/hard/crtn.o
OUTPUT(HC-SR04.elf elf32-littlearm)

.debug_info     0x0000000000000000     0xf79a
 .debug_info    0x0000000000000000      0x679 Core/Src/gpio.o
 .debug_info    0x0000000000000679      0x9f1 Core/Src/hc_sr04.o
 .debug_info    0x000000000000106a      0xfcc Core/Src/main.o
 .debug_info    0x0000000000002036      0x4f9 Core/Src/stm32l4xx_hal_msp.o
 .debug_info    0x000000000000252f      0x8d1 Core/Src/stm32l4xx_it.o
 .debug_info    0x0000000000002e00      0x727 Core/Src/system_stm32l4xx.o
 .debug_info    0x0000000000003527      0xf95 Core/Src/tim.o
 .debug_info    0x00000000000044bc      0xbab Core/Src/usart.o
 .debug_info    0x0000000000005067       0x22 Core/Startup/startup_stm32l476rgtx.o
 .debug_info    0x0000000000005089      0xd2e Drivers/STM32L4xx_HAL_Driver/Src/stm32l4xx_hal.o
 .debug_info    0x0000000000005db7      0xf6d Drivers/STM32L4xx_HAL_Driver/Src/stm32l4xx_hal_cortex.o
 .debug_info    0x0000000000006d24      0x9c2 Drivers/STM32L4xx_HAL_Driver/Src/stm32l4xx_hal_gpio.o
 .debug_info    0x00000000000076e6      0xb35 Drivers/STM32L4xx_HAL_Driver/Src/stm32l4xx_hal_pwr_ex.o
 .debug_info    0x000000000000821b      0xd2f Drivers/STM32L4xx_HAL_Driver/Src/stm32l4xx_hal_rcc.o
 .debug_info    0x0000000000008f4a      0xf41 Drivers/STM32L4xx_HAL_Driver/Src/stm32l4xx_hal_rcc_ex.o
 .debug_info    0x0000000000009e8b     0x2a61 Drivers/STM32L4xx_HAL_Driver/Src/stm32l4xx_hal_tim.o
 .debug_info    0x000000000000c8ec     0x167e Drivers/STM32L4xx_HAL_Driver/Src/stm32l4xx_hal_tim_ex.o
 .debug_info    0x000000000000df6a     0x1830 Drivers/STM32L4xx_HAL_Driver/Src/stm32l4xx_hal_uart.o

.debug_abbrev   0x0000000000000000     0x1f61
 .debug_abbrev  0x0000000000000000      0x134 Core/Src/gpio.o
 .debug_abbrev  0x0000000000000134      0x1b9 Core/Src/hc_sr04.o
 .debug_abbrev  0x00000000000002ed      0x1df Core/Src/main.o
 .debug_abbrev  0x00000000000004cc      0x125 Core/Src/stm32l4xx_hal_msp.o
 .debug_abbrev  0x00000000000005f1      0x15a Core/Src/stm32l4xx_it.o
 .debug_abbrev  0x000000000000074b      0x150 Core/Src/system_stm32l4xx.o
 .debug_abbrev  0x000000000000089b      0x1b3 Core/Src/tim.o
 .debug_abbrev  0x0000000000000a4e      0x199 Core/Src/usart.o
 .debug_abbrev  0x0000000000000be7       0x12 Core/Startup/startup_stm32l476rgtx.o
 .debug_abbrev  0x0000000000000bf9      0x1fb Drivers/STM32L4xx_HAL_Driver/Src/stm32l4xx_hal.o
 .debug_abbrev  0x0000000000000df4      0x2fa Drivers/STM32L4xx_HAL_Driver/Src/stm32l4xx_hal_cortex.o
 .debug_abbrev  0x00000000000010ee      0x1c0 Drivers/STM32L4xx_HAL_Driver/Src/stm32l4xx_hal_gpio.o
 .debug_abbrev  0x00000000000012ae      0x1cb Drivers/STM32L4xx_HAL_Driver/Src/stm32l4xx_hal_pwr_ex.o
 .debug_abbrev  0x0000000000001479      0x245 Drivers/STM32L4xx_HAL_Driver/Src/stm32l4xx_hal_rcc.o
 .debug_abbrev  0x00000000000016be      0x238 Drivers/STM32L4xx_HAL_Driver/Src/stm32l4xx_hal_rcc_ex.o
 .debug_abbrev  0x00000000000018f6      0x230 Drivers/STM32L4xx_HAL_Driver/Src/stm32l4xx_hal_tim.o
 .debug_abbrev  0x0000000000001b26      0x236 Drivers/STM32L4xx_HAL_Driver/Src/stm32l4xx_hal_tim_ex.o
 .debug_abbrev  0x0000000000001d5c      0x205 Drivers/STM32L4xx_HAL_Driver/Src/stm32l4xx_hal_uart.o

.debug_aranges  0x0000000000000000      0xe70
 .debug_aranges
                0x0000000000000000       0x20 Core/Src/gpio.o
 .debug_aranges
                0x0000000000000020       0x38 Core/Src/hc_sr04.o
 .debug_aranges
                0x0000000000000058       0x38 Core/Src/main.o
 .debug_aranges
                0x0000000000000090       0x20 Core/Src/stm32l4xx_hal_msp.o
 .debug_aranges
                0x00000000000000b0       0x68 Core/Src/stm32l4xx_it.o
 .debug_aranges
                0x0000000000000118       0x28 Core/Src/system_stm32l4xx.o
 .debug_aranges
                0x0000000000000140       0x30 Core/Src/tim.o
 .debug_aranges
                0x0000000000000170       0x30 Core/Src/usart.o
 .debug_aranges
                0x00000000000001a0       0x28 Core/Startup/startup_stm32l476rgtx.o
 .debug_aranges
                0x00000000000001c8      0x130 Drivers/STM32L4xx_HAL_Driver/Src/stm32l4xx_hal.o
 .debug_aranges
                0x00000000000002f8      0x118 Drivers/STM32L4xx_HAL_Driver/Src/stm32l4xx_hal_cortex.o
 .debug_aranges
                0x0000000000000410       0x58 Drivers/STM32L4xx_HAL_Driver/Src/stm32l4xx_hal_gpio.o
 .debug_aranges
                0x0000000000000468      0x150 Drivers/STM32L4xx_HAL_Driver/Src/stm32l4xx_hal_pwr_ex.o
 .debug_aranges
                0x00000000000005b8       0x88 Drivers/STM32L4xx_HAL_Driver/Src/stm32l4xx_hal_rcc.o
 .debug_aranges
                0x0000000000000640       0xc0 Drivers/STM32L4xx_HAL_Driver/Src/stm32l4xx_hal_rcc_ex.o
 .debug_aranges
                0x0000000000000700      0x3e0 Drivers/STM32L4xx_HAL_Driver/Src/stm32l4xx_hal_tim.o
 .debug_aranges
                0x0000000000000ae0      0x180 Drivers/STM32L4xx_HAL_Driver/Src/stm32l4xx_hal_tim_ex.o
 .debug_aranges
                0x0000000000000c60      0x210 Drivers/STM32L4xx_HAL_Driver/Src/stm32l4xx_hal_uart.o

.debug_ranges   0x0000000000000000      0xd58
 .debug_ranges  0x0000000000000000       0x10 Core/Src/gpio.o
 .debug_ranges  0x0000000000000010       0x28 Core/Src/hc_sr04.o
 .debug_ranges  0x0000000000000038       0x28 Core/Src/main.o
 .debug_ranges  0x0000000000000060       0x10 Core/Src/stm32l4xx_hal_msp.o
 .debug_ranges  0x0000000000000070       0x58 Core/Src/stm32l4xx_it.o
 .debug_ranges  0x00000000000000c8       0x18 Core/Src/system_stm32l4xx.o
 .debug_ranges  0x00000000000000e0       0x20 Core/Src/tim.o
 .debug_ranges  0x0000000000000100       0x20 Core/Src/usart.o
 .debug_ranges  0x0000000000000120       0x20 Core/Startup/startup_stm32l476rgtx.o
 .debug_ranges  0x0000000000000140      0x120 Drivers/STM32L4xx_HAL_Driver/Src/stm32l4xx_hal.o
 .debug_ranges  0x0000000000000260      0x108 Drivers/STM32L4xx_HAL_Driver/Src/stm32l4xx_hal_cortex.o
 .debug_ranges  0x0000000000000368       0x48 Drivers/STM32L4xx_HAL_Driver/Src/stm32l4xx_hal_gpio.o
 .debug_ranges  0x00000000000003b0      0x140 Drivers/STM32L4xx_HAL_Driver/Src/stm32l4xx_hal_pwr_ex.o
 .debug_ranges  0x00000000000004f0       0x78 Drivers/STM32L4xx_HAL_Driver/Src/stm32l4xx_hal_rcc.o
 .debug_ranges  0x0000000000000568       0xb0 Drivers/STM32L4xx_HAL_Driver/Src/stm32l4xx_hal_rcc_ex.o
 .debug_ranges  0x0000000000000618      0x3d0 Drivers/STM32L4xx_HAL_Driver/Src/stm32l4xx_hal_tim.o
 .debug_ranges  0x00000000000009e8      0x170 Drivers/STM32L4xx_HAL_Driver/Src/stm32l4xx_hal_tim_ex.o
 .debug_ranges  0x0000000000000b58      0x200 Drivers/STM32L4xx_HAL_Driver/Src/stm32l4xx_hal_uart.o

.debug_macro    0x0000000000000000    0x267c4
 .debug_macro   0x0000000000000000      0x1fc Core/Src/gpio.o
 .debug_macro   0x00000000000001fc      0xa5a Core/Src/gpio.o
 .debug_macro   0x0000000000000c56      0x1ad Core/Src/gpio.o
 .debug_macro   0x0000000000000e03       0x2e Core/Src/gpio.o
 .debug_macro   0x0000000000000e31       0x28 Core/Src/gpio.o
 .debug_macro   0x0000000000000e59       0x22 Core/Src/gpio.o
 .debug_macro   0x0000000000000e7b       0x8e Core/Src/gpio.o
 .debug_macro   0x0000000000000f09       0x51 Core/Src/gpio.o
 .debug_macro   0x0000000000000f5a       0xef Core/Src/gpio.o
 .debug_macro   0x0000000000001049       0x6a Core/Src/gpio.o
 .debug_macro   0x00000000000010b3      0x1df Core/Src/gpio.o
 .debug_macro   0x0000000000001292       0x1c Core/Src/gpio.o
 .debug_macro   0x00000000000012ae       0x22 Core/Src/gpio.o
 .debug_macro   0x00000000000012d0      0x101 Core/Src/gpio.o
 .debug_macro   0x00000000000013d1     0x1011 Core/Src/gpio.o
 .debug_macro   0x00000000000023e2      0x11f Core/Src/gpio.o
 .debug_macro   0x0000000000002501    0x1a13d Core/Src/gpio.o
 .debug_macro   0x000000000001c63e       0x43 Core/Src/gpio.o
 .debug_macro   0x000000000001c681     0x3890 Core/Src/gpio.o
 .debug_macro   0x000000000001ff11      0x174 Core/Src/gpio.o
 .debug_macro   0x0000000000020085       0x5c Core/Src/gpio.o
 .debug_macro   0x00000000000200e1     0x155f Core/Src/gpio.o
 .debug_macro   0x0000000000021640      0x59e Core/Src/gpio.o
 .debug_macro   0x0000000000021bde      0x13d Core/Src/gpio.o
 .debug_macro   0x0000000000021d1b      0x18b Core/Src/gpio.o
 .debug_macro   0x0000000000021ea6      0x26b Core/Src/gpio.o
 .debug_macro   0x0000000000022111      0x23d Core/Src/gpio.o
 .debug_macro   0x000000000002234e      0x241 Core/Src/gpio.o
 .debug_macro   0x000000000002258f      0x37c Core/Src/gpio.o
 .debug_macro   0x000000000002290b       0xd6 Core/Src/gpio.o
 .debug_macro   0x00000000000229e1      0x22c Core/Src/gpio.o
 .debug_macro   0x0000000000022c0d       0x61 Core/Src/gpio.o
 .debug_macro   0x0000000000022c6e       0xa5 Core/Src/gpio.o
 .debug_macro   0x0000000000022d13      0x122 Core/Src/gpio.o
 .debug_macro   0x0000000000022e35      0x3e9 Core/Src/gpio.o
 .debug_macro   0x000000000002321e      0xa75 Core/Src/gpio.o
 .debug_macro   0x0000000000023c93      0x1e7 Core/Src/gpio.o
 .debug_macro   0x0000000000023e7a      0x59e Core/Src/gpio.o
 .debug_macro   0x0000000000024418       0x44 Core/Src/gpio.o
 .debug_macro   0x000000000002445c      0x331 Core/Src/gpio.o
 .debug_macro   0x000000000002478d       0x70 Core/Src/gpio.o
 .debug_macro   0x00000000000247fd      0x1f8 Core/Src/hc_sr04.o
 .debug_macro   0x00000000000249f5      0x214 Core/Src/main.o
 .debug_macro   0x0000000000024c09      0x1f2 Core/Src/stm32l4xx_hal_msp.o
 .debug_macro   0x0000000000024dfb      0x1fc Core/Src/stm32l4xx_it.o
 .debug_macro   0x0000000000024ff7      0x1df Core/Src/system_stm32l4xx.o
 .debug_macro   0x00000000000251d6      0x1fc Core/Src/tim.o
 .debug_macro   0x00000000000253d2      0x1fc Core/Src/usart.o
 .debug_macro   0x00000000000255ce      0x227 Drivers/STM32L4xx_HAL_Driver/Src/stm32l4xx_hal.o
 .debug_macro   0x00000000000257f5      0x1d9 Drivers/STM32L4xx_HAL_Driver/Src/stm32l4xx_hal_cortex.o
 .debug_macro   0x00000000000259ce      0x218 Drivers/STM32L4xx_HAL_Driver/Src/stm32l4xx_hal_gpio.o
 .debug_macro   0x0000000000025be6      0x1fd Drivers/STM32L4xx_HAL_Driver/Src/stm32l4xx_hal_pwr_ex.o
 .debug_macro   0x0000000000025de3      0x21b Drivers/STM32L4xx_HAL_Driver/Src/stm32l4xx_hal_rcc.o
 .debug_macro   0x0000000000025ffe      0x20f Drivers/STM32L4xx_HAL_Driver/Src/stm32l4xx_hal_rcc_ex.o
 .debug_macro   0x000000000002620d      0x1da Drivers/STM32L4xx_HAL_Driver/Src/stm32l4xx_hal_tim.o
 .debug_macro   0x00000000000263e7      0x1d9 Drivers/STM32L4xx_HAL_Driver/Src/stm32l4xx_hal_tim_ex.o
 .debug_macro   0x00000000000265c0      0x204 Drivers/STM32L4xx_HAL_Driver/Src/stm32l4xx_hal_uart.o

.debug_line     0x0000000000000000     0xc82b
 .debug_line    0x0000000000000000      0x709 Core/Src/gpio.o
 .debug_line    0x0000000000000709      0x733 Core/Src/hc_sr04.o
 .debug_line    0x0000000000000e3c      0x779 Core/Src/main.o
 .debug_line    0x00000000000015b5      0x700 Core/Src/stm32l4xx_hal_msp.o
 .debug_line    0x0000000000001cb5      0x7ba Core/Src/stm32l4xx_it.o
 .debug_line    0x000000000000246f      0x71e Core/Src/system_stm32l4xx.o
 .debug_line    0x0000000000002b8d      0x752 Core/Src/tim.o
 .debug_line    0x00000000000032df      0x736 Core/Src/usart.o
 .debug_line    0x0000000000003a15       0x87 Core/Startup/startup_stm32l476rgtx.o
 .debug_line    0x0000000000003a9c      0x995 Drivers/STM32L4xx_HAL_Driver/Src/stm32l4xx_hal.o
 .debug_line    0x0000000000004431      0xa1c Drivers/STM32L4xx_HAL_Driver/Src/stm32l4xx_hal_cortex.o
 .debug_line    0x0000000000004e4d      0x8af Drivers/STM32L4xx_HAL_Driver/Src/stm32l4xx_hal_gpio.o
 .debug_line    0x00000000000056fc      0xaa8 Drivers/STM32L4xx_HAL_Driver/Src/stm32l4xx_hal_pwr_ex.o
 .debug_line    0x00000000000061a4      0xa0b Drivers/STM32L4xx_HAL_Driver/Src/stm32l4xx_hal_rcc.o
 .debug_line    0x0000000000006baf      0xca1 Drivers/STM32L4xx_HAL_Driver/Src/stm32l4xx_hal_rcc_ex.o
 .debug_line    0x0000000000007850     0x27b4 Drivers/STM32L4xx_HAL_Driver/Src/stm32l4xx_hal_tim.o
 .debug_line    0x000000000000a004     0x1584 Drivers/STM32L4xx_HAL_Driver/Src/stm32l4xx_hal_tim_ex.o
 .debug_line    0x000000000000b588     0x12a3 Drivers/STM32L4xx_HAL_Driver/Src/stm32l4xx_hal_uart.o

.debug_str      0x0000000000000000    0xefaf3
 .debug_str     0x0000000000000000    0xeb441 Core/Src/gpio.o
                                      0xeb700 (size before relaxing)
 .debug_str     0x00000000000eb441      0x4d9 Core/Src/hc_sr04.o
                                      0xebabb (size before relaxing)
 .debug_str     0x00000000000eb91a      0x640 Core/Src/main.o
                                      0xec0a7 (size before relaxing)
 .debug_str     0x00000000000ebf5a       0x2c Core/Src/stm32l4xx_hal_msp.o
                                      0xeb65e (size before relaxing)
 .debug_str     0x00000000000ebf86       0xd0 Core/Src/stm32l4xx_it.o
                                      0xeba7f (size before relaxing)
 .debug_str     0x00000000000ec056       0xcd Core/Src/system_stm32l4xx.o
                                      0xeb56c (size before relaxing)
 .debug_str     0x00000000000ec123      0x5d4 Core/Src/tim.o
                                      0xec25d (size before relaxing)
 .debug_str     0x00000000000ec6f7       0x57 Core/Src/usart.o
                                      0xebac8 (size before relaxing)
 .debug_str     0x00000000000ec74e       0x36 Core/Startup/startup_stm32l476rgtx.o
                                         0x5b (size before relaxing)
 .debug_str     0x00000000000ec784      0x627 Drivers/STM32L4xx_HAL_Driver/Src/stm32l4xx_hal.o
                                      0xec0bc (size before relaxing)
 .debug_str     0x00000000000ecdab      0x389 Drivers/STM32L4xx_HAL_Driver/Src/stm32l4xx_hal_cortex.o
                                      0xebdc0 (size before relaxing)
 .debug_str     0x00000000000ed134      0x236 Drivers/STM32L4xx_HAL_Driver/Src/stm32l4xx_hal_gpio.o
                                      0xeb7eb (size before relaxing)
 .debug_str     0x00000000000ed36a      0x4b4 Drivers/STM32L4xx_HAL_Driver/Src/stm32l4xx_hal_pwr_ex.o
                                      0xeba87 (size before relaxing)
 .debug_str     0x00000000000ed81e      0x34e Drivers/STM32L4xx_HAL_Driver/Src/stm32l4xx_hal_rcc.o
                                      0xebb2e (size before relaxing)
 .debug_str     0x00000000000edb6c      0x3a6 Drivers/STM32L4xx_HAL_Driver/Src/stm32l4xx_hal_rcc_ex.o
                                      0xebcbf (size before relaxing)
 .debug_str     0x00000000000edf12      0xd76 Drivers/STM32L4xx_HAL_Driver/Src/stm32l4xx_hal_tim.o
                                      0xec7f4 (size before relaxing)
 .debug_str     0x00000000000eec88      0x625 Drivers/STM32L4xx_HAL_Driver/Src/stm32l4xx_hal_tim_ex.o
                                      0xec0e8 (size before relaxing)
 .debug_str     0x00000000000ef2ad      0x846 Drivers/STM32L4xx_HAL_Driver/Src/stm32l4xx_hal_uart.o
                                      0xec123 (size before relaxing)

.comment        0x0000000000000000       0x7b
 .comment       0x0000000000000000       0x7b Core/Src/gpio.o
                                         0x7c (size before relaxing)
 .comment       0x000000000000007b       0x7c Core/Src/hc_sr04.o
 .comment       0x000000000000007b       0x7c Core/Src/main.o
 .comment       0x000000000000007b       0x7c Core/Src/stm32l4xx_hal_msp.o
 .comment       0x000000000000007b       0x7c Core/Src/stm32l4xx_it.o
 .comment       0x000000000000007b       0x7c Core/Src/system_stm32l4xx.o
 .comment       0x000000000000007b       0x7c Core/Src/tim.o
 .comment       0x000000000000007b       0x7c Core/Src/usart.o
 .comment       0x000000000000007b       0x7c Drivers/STM32L4xx_HAL_Driver/Src/stm32l4xx_hal.o
 .comment       0x000000000000007b       0x7c Drivers/STM32L4xx_HAL_Driver/Src/stm32l4xx_hal_cortex.o
 .comment       0x000000000000007b       0x7c Drivers/STM32L4xx_HAL_Driver/Src/stm32l4xx_hal_gpio.o
 .comment       0x000000000000007b       0x7c Drivers/STM32L4xx_HAL_Driver/Src/stm32l4xx_hal_pwr_ex.o
 .comment       0x000000000000007b       0x7c Drivers/STM32L4xx_HAL_Driver/Src/stm32l4xx_hal_rcc.o
 .comment       0x000000000000007b       0x7c Drivers/STM32L4xx_HAL_Driver/Src/stm32l4xx_hal_rcc_ex.o
 .comment       0x000000000000007b       0x7c Drivers/STM32L4xx_HAL_Driver/Src/stm32l4xx_hal_tim.o
 .comment       0x000000000000007b       0x7c Drivers/STM32L4xx_HAL_Driver/Src/stm32l4xx_hal_tim_ex.o
 .comment       0x000000000000007b       0x7c Drivers/STM32L4xx_HAL_Driver/Src/stm32l4xx_hal_uart.o

.debug_frame    0x0000000000000000     0x3bac
 .debug_frame   0x0000000000000000       0x34 Core/Src/gpio.o
 .debug_frame   0x0000000000000034       0xa8 Core/Src/hc_sr04.o
 .debug_frame   0x00000000000000dc       0x94 Core/Src/main.o
 .debug_frame   0x0000000000000170       0x38 Core/Src/stm32l4xx_hal_msp.o
 .debug_frame   0x00000000000001a8      0x120 Core/Src/stm32l4xx_it.o
 .debug_frame   0x00000000000002c8       0x58 Core/Src/system_stm32l4xx.o
 .debug_frame   0x0000000000000320       0x7c Core/Src/tim.o
 .debug_frame   0x000000000000039c       0x74 Core/Src/usart.o
 .debug_frame   0x0000000000000410      0x498 Drivers/STM32L4xx_HAL_Driver/Src/stm32l4xx_hal.o
 .debug_frame   0x00000000000008a8      0x498 Drivers/STM32L4xx_HAL_Driver/Src/stm32l4xx_hal_cortex.o
 .debug_frame   0x0000000000000d40      0x14c Drivers/STM32L4xx_HAL_Driver/Src/stm32l4xx_hal_gpio.o
 .debug_frame   0x0000000000000e8c      0x544 Drivers/STM32L4xx_HAL_Driver/Src/stm32l4xx_hal_pwr_ex.o
 .debug_frame   0x00000000000013d0      0x1f4 Drivers/STM32L4xx_HAL_Driver/Src/stm32l4xx_hal_rcc.o
 .debug_frame   0x00000000000015c4      0x2fc Drivers/STM32L4xx_HAL_Driver/Src/stm32l4xx_hal_rcc_ex.o
 .debug_frame   0x00000000000018c0     0x121c Drivers/STM32L4xx_HAL_Driver/Src/stm32l4xx_hal_tim.o
 .debug_frame   0x0000000000002adc      0x6b0 Drivers/STM32L4xx_HAL_Driver/Src/stm32l4xx_hal_tim_ex.o
 .debug_frame   0x000000000000318c      0x974 Drivers/STM32L4xx_HAL_Driver/Src/stm32l4xx_hal_uart.o
 .debug_frame   0x0000000000003b00       0x2c c:/st/stm32cubeide_1.4.0/stm32cubeide/plugins/com.st.stm32cube.ide.mcu.externaltools.gnu-tools-for-stm32.7-2018-q2-update.win32_1.5.0.202011040924/tools/bin/../lib/gcc/arm-none-eabi/7.3.1/../../../../arm-none-eabi/lib/thumb/v7e-m/fpv4-sp/hard\libc_nano.a(lib_a-init.o)
 .debug_frame   0x0000000000003b2c       0x20 c:/st/stm32cubeide_1.4.0/stm32cubeide/plugins/com.st.stm32cube.ide.mcu.externaltools.gnu-tools-for-stm32.7-2018-q2-update.win32_1.5.0.202011040924/tools/bin/../lib/gcc/arm-none-eabi/7.3.1/../../../../arm-none-eabi/lib/thumb/v7e-m/fpv4-sp/hard\libc_nano.a(lib_a-memset.o)
 .debug_frame   0x0000000000003b4c       0x2c c:/st/stm32cubeide_1.4.0/stm32cubeide/plugins/com.st.stm32cube.ide.mcu.externaltools.gnu-tools-for-stm32.7-2018-q2-update.win32_1.5.0.202011040924/tools/bin/../lib/gcc/arm-none-eabi/7.3.1/thumb/v7e-m/fpv4-sp/hard\libgcc.a(_aeabi_uldivmod.o)
 .debug_frame   0x0000000000003b78       0x34 c:/st/stm32cubeide_1.4.0/stm32cubeide/plugins/com.st.stm32cube.ide.mcu.externaltools.gnu-tools-for-stm32.7-2018-q2-update.win32_1.5.0.202011040924/tools/bin/../lib/gcc/arm-none-eabi/7.3.1/thumb/v7e-m/fpv4-sp/hard\libgcc.a(_udivmoddi4.o)
